// Vitest Snapshot v1, https://vitest.dev/guide/snapshot.html

exports[`BatchRenderer > renders collapsed batch with error snippet 1`] = `"✕  batch 3 tools · 2 ok · 1 err · ■■□ — Batch preview content failed to run"`;

exports[`BatchRenderer > renders expanded batch with bar and durations 1`] = `
"✕  batch 3 tools · 2 ok · 1 err · ■■□
Batch preview content
failed to run
│  ✓  read — ok (120ms)
│  ✓  write — wrote file (240ms)
│  ✕  bash — failed to run (300ms)"
`;
